// Jest Snapshot v1, https://goo.gl/fbAQLP

exports[`My Stories renders correctly 1`] = `
<ViewManagerAdapter_ExpoLinearGradient
  proxiedProperties={
    Object {
      "colors": Array [
        4283478514,
        4291281970,
        4281517968,
      ],
      "endPoint": undefined,
      "locations": undefined,
      "startPoint": undefined,
    }
  }
  style={
    Object {
      "borderRadius": 70,
      "padding": 3,
    }
  }
>
  <View
    accessible={true}
    collapsable={false}
    focusable={true}
    onClick={[Function]}
    onResponderGrant={[Function]}
    onResponderMove={[Function]}
    onResponderRelease={[Function]}
    onResponderTerminate={[Function]}
    onResponderTerminationRequest={[Function]}
    onStartShouldSetResponder={[Function]}
    style={
      Object {
        "backgroundColor": "grey",
        "borderRadius": 32,
        "height": 64,
        "opacity": 1,
        "width": 64,
      }
    }
    testID="myStories"
  >
    <View
      accessibilityIgnoresInvertColors={true}
      style={
        Object {
          "backgroundColor": "transparent",
          "borderRadius": 32,
          "flex": 1,
          "overflow": "hidden",
          "position": "relative",
        }
      }
    >
      <Image
        borderRadius={32}
        onLoad={[Function]}
        source={1}
        style={
          Object {
            "bottom": 0,
            "flex": 1,
            "height": undefined,
            "left": 0,
            "position": "absolute",
            "right": 0,
            "top": 0,
            "width": undefined,
          }
        }
        testID="RNE__Image"
        theme={
          Object {
            "colors": Object {
              "black": "#242424",
              "disabled": "hsl(208, 8%, 90%)",
              "divider": "#bcbbc1",
              "error": "#ff190c",
              "grey0": "#393e42",
              "grey1": "#43484d",
              "grey2": "#5e6977",
              "grey3": "#86939e",
              "grey4": "#bdc6cf",
              "grey5": "#e1e8ee",
              "greyOutline": "#bbb",
              "platform": Object {
                "android": Object {
                  "error": "#f44336",
                  "grey": "rgba(0, 0, 0, 0.54)",
                  "primary": "#2196f3",
                  "searchBg": "#dcdce1",
                  "secondary": "#9C27B0",
                  "success": "#4caf50",
                  "warning": "#ffeb3b",
                },
                "default": Object {
                  "error": "#ff3b30",
                  "grey": "#7d7d7d",
                  "primary": "#007aff",
                  "searchBg": "#dcdce1",
                  "secondary": "#5856d6",
                  "success": "#4cd964",
                  "warning": "#ffcc00",
                },
                "ios": Object {
                  "error": "#ff3b30",
                  "grey": "#7d7d7d",
                  "primary": "#007aff",
                  "searchBg": "#dcdce1",
                  "secondary": "#5856d6",
                  "success": "#4cd964",
                  "warning": "#ffcc00",
                },
                "web": Object {
                  "error": "#ff190c",
                  "grey": "#393e42",
                  "primary": "#2089dc",
                  "searchBg": "#303337",
                  "secondary": "#ca71eb",
                  "success": "#52c41a",
                  "warning": "#faad14",
                },
              },
              "primary": "#2089dc",
              "searchBg": "#303337",
              "secondary": "#ca71eb",
              "success": "#52c41a",
              "warning": "#faad14",
              "white": "#ffffff",
            },
          }
        }
        transition={true}
        transitionDuration={360}
      />
      <View
        accessibilityElementsHidden={true}
        collapsable={false}
        importantForAccessibility="no-hide-descendants"
        pointerEvents="none"
        style={
          Object {
            "bottom": 0,
            "left": 0,
            "opacity": 1,
            "position": "absolute",
            "right": 0,
            "top": 0,
          }
        }
      >
        <View
          style={
            Object {
              "alignItems": "center",
              "backgroundColor": "transparent",
              "flex": 1,
              "height": undefined,
              "justifyContent": "center",
              "width": undefined,
            }
          }
          testID="RNE__Image__placeholder"
        />
      </View>
      <View
        style={
          Object {
            "flex": 1,
            "height": undefined,
            "width": undefined,
          }
        }
        testID="RNE__Image__children__container"
      />
    </View>
    <View
      accessible={true}
      focusable={true}
      onClick={[Function]}
      onResponderGrant={[Function]}
      onResponderMove={[Function]}
      onResponderRelease={[Function]}
      onResponderTerminate={[Function]}
      onResponderTerminationRequest={[Function]}
      onStartShouldSetResponder={[Function]}
      style={
        Array [
          Object {
            "alignItems": "center",
            "backgroundColor": "#aaa",
            "bottom": 0,
            "justifyContent": "center",
            "position": "absolute",
            "right": 0,
            "shadowColor": "#000",
            "shadowOffset": Object {
              "height": 1,
              "width": 1,
            },
            "shadowOpacity": 0.5,
            "shadowRadius": 2,
          },
          Object {
            "borderRadius": 11.5,
            "height": 23,
            "width": 23,
          },
          undefined,
        ]
      }
    >
      <View>
        <View
          style={
            Object {
              "overflow": "hidden",
            }
          }
        >
          <View
            testID="addStory"
          >
            <View
              style={
                Object {
                  "alignItems": "center",
                  "backgroundColor": "transparent",
                  "justifyContent": "center",
                }
              }
            >
              <Text />
            </View>
          </View>
        </View>
      </View>
    </View>
  </View>
  <Modal
    hardwareAccelerated={false}
    onRequestClose={[Function]}
    replaceTheme={[Function]}
    testID="Internal__Overlay"
    theme={
      Object {
        "colors": Object {
          "black": "#242424",
          "disabled": "hsl(208, 8%, 90%)",
          "divider": "#bcbbc1",
          "error": "#ff190c",
          "grey0": "#393e42",
          "grey1": "#43484d",
          "grey2": "#5e6977",
          "grey3": "#86939e",
          "grey4": "#bdc6cf",
          "grey5": "#e1e8ee",
          "greyOutline": "#bbb",
          "platform": Object {
            "android": Object {
              "error": "#f44336",
              "grey": "rgba(0, 0, 0, 0.54)",
              "primary": "#2196f3",
              "searchBg": "#dcdce1",
              "secondary": "#9C27B0",
              "success": "#4caf50",
              "warning": "#ffeb3b",
            },
            "default": Object {
              "error": "#ff3b30",
              "grey": "#7d7d7d",
              "primary": "#007aff",
              "searchBg": "#dcdce1",
              "secondary": "#5856d6",
              "success": "#4cd964",
              "warning": "#ffcc00",
            },
            "ios": Object {
              "error": "#ff3b30",
              "grey": "#7d7d7d",
              "primary": "#007aff",
              "searchBg": "#dcdce1",
              "secondary": "#5856d6",
              "success": "#4cd964",
              "warning": "#ffcc00",
            },
            "web": Object {
              "error": "#ff190c",
              "grey": "#393e42",
              "primary": "#2089dc",
              "searchBg": "#303337",
              "secondary": "#ca71eb",
              "success": "#52c41a",
              "warning": "#faad14",
            },
          },
          "primary": "#2089dc",
          "searchBg": "#303337",
          "secondary": "#ca71eb",
          "success": "#52c41a",
          "warning": "#faad14",
          "white": "#ffffff",
        },
      }
    }
    transparent={true}
    updateTheme={[Function]}
    visible={false}
  />
</ViewManagerAdapter_ExpoLinearGradient>
`;
