// Jest Snapshot v1, https://goo.gl/fbAQLP

exports[`Add routine screen renders correctly 1`] = `
<RCTScrollView
  showsVerticalScrollIndicator={false}
  style={
    Object {
      "backgroundColor": "white",
      "padding": 20,
    }
  }
>
  <View>
    <View
      accessible={true}
      collapsable={false}
      focusable={true}
      onClick={[Function]}
      onResponderGrant={[Function]}
      onResponderMove={[Function]}
      onResponderRelease={[Function]}
      onResponderTerminate={[Function]}
      onResponderTerminationRequest={[Function]}
      onStartShouldSetResponder={[Function]}
      style={
        Object {
          "marginBottom": 10,
          "marginLeft": 20,
          "marginTop": 40,
          "opacity": 1,
        }
      }
      testID="chevron"
    >
      <Text />
    </View>
    <Text
      style={
        Array [
          Object {
            "alignSelf": "center",
            "color": "#0e86d4",
            "fontSize": 24,
            "fontWeight": "bold",
            "margin": 10,
          },
          Object {
            "fontSize": 21,
          },
        ]
      }
    >
      Creat your own Routine
    </Text>
    <View>
      <View
        style={
          Object {
            "paddingHorizontal": 10,
            "width": "100%",
          }
        }
      >
        <View
          collapsable={false}
          style={
            Object {
              "alignItems": "center",
              "borderBottomWidth": 1,
              "borderColor": "#86939e",
              "flexDirection": "row",
              "transform": Array [
                Object {
                  "translateX": 0,
                },
              ],
            }
          }
        >
          <View
            style={
              Object {
                "alignItems": "center",
                "height": 40,
                "justifyContent": "center",
                "marginVertical": 4,
                "paddingRight": 4,
              }
            }
          >
            <Text
              style={
                Object {
                  "fontSize": 16,
                }
              }
            >
              Name
            </Text>
          </View>
          <TextInput
            editable={true}
            onBlur={[Function]}
            onChangeText={[Function]}
            placeholder="Name"
            placeholderTextColor="#86939e"
            style={
              Object {
                "color": "#242424",
                "flex": 1,
                "fontSize": 15,
                "minHeight": 40,
                "textAlign": "center",
              }
            }
            testID="RNE__Input__text-input"
            underlineColorAndroid="transparent"
          />
        </View>
        <Text
          style={
            Object {
              "color": "#ff190c",
              "fontSize": 12,
              "margin": 5,
            }
          }
        />
      </View>
    </View>
    <View>
      <View
        style={
          Object {
            "paddingHorizontal": 10,
            "width": "100%",
          }
        }
      >
        <View
          collapsable={false}
          style={
            Object {
              "alignItems": "center",
              "borderBottomWidth": 1,
              "borderColor": "#86939e",
              "flexDirection": "row",
              "transform": Array [
                Object {
                  "translateX": 0,
                },
              ],
            }
          }
        >
          <View
            style={
              Object {
                "alignItems": "center",
                "height": 40,
                "justifyContent": "center",
                "marginVertical": 4,
                "paddingRight": 4,
              }
            }
          >
            <Text
              style={
                Object {
                  "fontSize": 16,
                }
              }
            >
              Genre
            </Text>
          </View>
          <TextInput
            editable={true}
            onBlur={[Function]}
            onChangeText={[Function]}
            placeholder="Genre"
            placeholderTextColor="#86939e"
            style={
              Object {
                "color": "#242424",
                "flex": 1,
                "fontSize": 15,
                "minHeight": 40,
                "textAlign": "center",
              }
            }
            testID="RNE__Input__text-input"
            underlineColorAndroid="transparent"
          />
        </View>
        <Text
          style={
            Object {
              "color": "#ff190c",
              "fontSize": 12,
              "margin": 5,
            }
          }
        />
      </View>
    </View>
    <View
      style={
        Object {
          "alignItems": "center",
          "flexDirection": "row",
          "justifyContent": "space-between",
          "paddingBottom": 10,
          "paddingLeft": 10,
        }
      }
    >
      <Text
        style={
          Object {
            "fontSize": 16,
          }
        }
      >
        Duration
      </Text>
      <View
        style={
          Object {
            "flexDirection": "row",
          }
        }
      >
        <View>
          <View
            style={
              Object {
                "paddingHorizontal": 10,
                "width": 70,
              }
            }
          >
            <View
              collapsable={false}
              style={
                Object {
                  "alignItems": "center",
                  "borderBottomWidth": 1,
                  "borderColor": "#86939e",
                  "flexDirection": "row",
                  "transform": Array [
                    Object {
                      "translateX": 0,
                    },
                  ],
                }
              }
            >
              <View
                style={
                  Object {
                    "alignItems": "center",
                    "height": 40,
                    "justifyContent": "center",
                    "marginVertical": 4,
                    "paddingRight": 4,
                  }
                }
              >
                <View
                  style={
                    Object {
                      "overflow": "hidden",
                    }
                  }
                >
                  <View>
                    <View
                      style={
                        Object {
                          "alignItems": "center",
                          "backgroundColor": "transparent",
                          "justifyContent": "center",
                        }
                      }
                    >
                      <Text />
                    </View>
                  </View>
                </View>
              </View>
              <TextInput
                editable={true}
                keyboardType="numeric"
                onBlur={[Function]}
                onChangeText={[Function]}
                placeholderTextColor="#86939e"
                style={
                  Object {
                    "color": "#242424",
                    "flex": 1,
                    "fontSize": 18,
                    "minHeight": 40,
                  }
                }
                testID="RNE__Input__text-input"
                underlineColorAndroid="transparent"
              />
              <View
                style={
                  Object {
                    "alignItems": "center",
                    "height": 40,
                    "justifyContent": "center",
                    "marginVertical": 4,
                    "paddingRight": 4,
                  }
                }
              >
                <Text>
                  :
                </Text>
              </View>
            </View>
            <Text
              style={
                Object {
                  "color": "#ff190c",
                  "fontSize": 12,
                  "margin": 5,
                }
              }
            />
          </View>
        </View>
        <View>
          <View
            style={
              Object {
                "paddingHorizontal": 10,
                "width": 70,
              }
            }
          >
            <View
              collapsable={false}
              style={
                Object {
                  "alignItems": "center",
                  "borderBottomWidth": 1,
                  "borderColor": "#86939e",
                  "flexDirection": "row",
                  "transform": Array [
                    Object {
                      "translateX": 0,
                    },
                  ],
                }
              }
            >
              <View
                style={
                  Object {
                    "alignItems": "center",
                    "height": 40,
                    "justifyContent": "center",
                    "marginVertical": 4,
                    "paddingRight": 4,
                  }
                }
              >
                <View
                  style={
                    Object {
                      "overflow": "hidden",
                    }
                  }
                >
                  <View>
                    <View
                      style={
                        Object {
                          "alignItems": "center",
                          "backgroundColor": "transparent",
                          "justifyContent": "center",
                        }
                      }
                    >
                      <Text />
                    </View>
                  </View>
                </View>
              </View>
              <TextInput
                editable={true}
                keyboardType="numeric"
                onBlur={[Function]}
                onChangeText={[Function]}
                placeholderTextColor="#86939e"
                style={
                  Object {
                    "color": "#242424",
                    "flex": 1,
                    "fontSize": 18,
                    "minHeight": 40,
                  }
                }
                testID="RNE__Input__text-input"
                underlineColorAndroid="transparent"
              />
              <View
                style={
                  Object {
                    "alignItems": "center",
                    "height": 40,
                    "justifyContent": "center",
                    "marginVertical": 4,
                    "paddingRight": 4,
                  }
                }
              >
                <Text>
                  :
                </Text>
              </View>
            </View>
            <Text
              style={
                Object {
                  "color": "#ff190c",
                  "fontSize": 12,
                  "margin": 5,
                }
              }
            />
          </View>
        </View>
        <View>
          <View
            style={
              Object {
                "paddingHorizontal": 10,
                "width": 70,
              }
            }
          >
            <View
              collapsable={false}
              style={
                Object {
                  "alignItems": "center",
                  "borderBottomWidth": 1,
                  "borderColor": "#86939e",
                  "flexDirection": "row",
                  "transform": Array [
                    Object {
                      "translateX": 0,
                    },
                  ],
                }
              }
            >
              <View
                style={
                  Object {
                    "alignItems": "center",
                    "height": 40,
                    "justifyContent": "center",
                    "marginVertical": 4,
                    "paddingRight": 4,
                  }
                }
              >
                <View
                  style={
                    Object {
                      "overflow": "hidden",
                    }
                  }
                >
                  <View>
                    <View
                      style={
                        Object {
                          "alignItems": "center",
                          "backgroundColor": "transparent",
                          "justifyContent": "center",
                        }
                      }
                    >
                      <Text />
                    </View>
                  </View>
                </View>
              </View>
              <TextInput
                editable={true}
                keyboardType="numeric"
                onBlur={[Function]}
                onChangeText={[Function]}
                placeholderTextColor="#86939e"
                style={
                  Object {
                    "color": "#242424",
                    "flex": 1,
                    "fontSize": 18,
                    "minHeight": 40,
                  }
                }
                testID="RNE__Input__text-input"
                underlineColorAndroid="transparent"
              />
            </View>
            <Text
              style={
                Object {
                  "color": "#ff190c",
                  "fontSize": 12,
                  "margin": 5,
                }
              }
            />
          </View>
        </View>
      </View>
    </View>
    <View
      style={
        Object {
          "borderWidth": 1,
        }
      }
    >
      <View
        style={
          Object {
            "alignItems": "center",
            "backgroundColor": "#ffffff",
            "borderColor": "#bcbbc1",
            "flexDirection": "row",
            "padding": 14,
          }
        }
        testID="padView"
      >
        <View
          style={
            Array [
              Object {
                "alignItems": "flex-start",
                "flex": 1,
                "justifyContent": "center",
              },
              undefined,
            ]
          }
          theme={
            Object {
              "colors": Object {
                "black": "#242424",
                "disabled": "hsl(208, 8%, 90%)",
                "divider": "#bcbbc1",
                "error": "#ff190c",
                "grey0": "#393e42",
                "grey1": "#43484d",
                "grey2": "#5e6977",
                "grey3": "#86939e",
                "grey4": "#bdc6cf",
                "grey5": "#e1e8ee",
                "greyOutline": "#bbb",
                "platform": Object {
                  "android": Object {
                    "error": "#f44336",
                    "grey": "rgba(0, 0, 0, 0.54)",
                    "primary": "#2196f3",
                    "searchBg": "#dcdce1",
                    "secondary": "#9C27B0",
                    "success": "#4caf50",
                    "warning": "#ffeb3b",
                  },
                  "default": Object {
                    "error": "#ff3b30",
                    "grey": "#7d7d7d",
                    "primary": "#007aff",
                    "searchBg": "#dcdce1",
                    "secondary": "#5856d6",
                    "success": "#4cd964",
                    "warning": "#ffcc00",
                  },
                  "ios": Object {
                    "error": "#ff3b30",
                    "grey": "#7d7d7d",
                    "primary": "#007aff",
                    "searchBg": "#dcdce1",
                    "secondary": "#5856d6",
                    "success": "#4cd964",
                    "warning": "#ffcc00",
                  },
                  "web": Object {
                    "error": "#ff190c",
                    "grey": "#393e42",
                    "primary": "#2089dc",
                    "searchBg": "#303337",
                    "secondary": "#ca71eb",
                    "success": "#52c41a",
                    "warning": "#faad14",
                  },
                },
                "primary": "#2089dc",
                "searchBg": "#303337",
                "secondary": "#ca71eb",
                "success": "#52c41a",
                "warning": "#faad14",
                "white": "#ffffff",
              },
            }
          }
        >
          <TextInput
            keyboardType="numeric"
            onChangeText={[Function]}
            placeholder="Number of steps(< 10)"
          />
        </View>
        <View
          style={
            Object {
              "paddingLeft": 16,
            }
          }
        />
        <View
          collapsable={false}
          style={
            Object {
              "transform": Array [
                Object {
                  "rotate": "0deg",
                },
              ],
            }
          }
        >
          <View
            style={
              Object {
                "overflow": "hidden",
              }
            }
          >
            <View>
              <View
                style={
                  Object {
                    "alignItems": "center",
                    "backgroundColor": "transparent",
                    "justifyContent": "center",
                  }
                }
              >
                <Text />
              </View>
            </View>
          </View>
        </View>
      </View>
    </View>
    <View
      collapsable={false}
      style={
        Object {
          "maxHeight": "0%",
          "opacity": 0,
        }
      }
    >
      <View
        style={
          Object {
            "alignItems": "center",
            "marginVertical": 10,
          }
        }
      />
    </View>
    <View
      style={
        Array [
          Object {
            "borderRadius": 3,
            "overflow": "hidden",
          },
          Object {
            "borderRadius": 3,
          },
          Object {
            "marginTop": 10,
          },
          false,
        ]
      }
    >
      <View
        accessibilityRole="button"
        accessibilityState={
          Object {
            "busy": false,
            "disabled": false,
          }
        }
        accessible={true}
        collapsable={false}
        focusable={true}
        onClick={[Function]}
        onResponderGrant={[Function]}
        onResponderMove={[Function]}
        onResponderRelease={[Function]}
        onResponderTerminate={[Function]}
        onResponderTerminationRequest={[Function]}
        onStartShouldSetResponder={[Function]}
        style={
          Object {
            "opacity": 1,
          }
        }
      >
        <View
          style={
            Object {
              "alignItems": "center",
              "alignSelf": "center",
              "backgroundColor": "#68bbe3",
              "borderColor": "transparent",
              "borderRadius": 30,
              "borderWidth": 0,
              "flexDirection": "row",
              "justifyContent": "center",
              "marginBottom": 40,
              "marginHorizontal": 20,
              "marginVertical": 20,
              "padding": 8,
              "width": 375,
            }
          }
        >
          <Text
            style={
              Object {
                "color": "white",
                "fontSize": 18,
                "paddingVertical": 1,
                "textAlign": "center",
              }
            }
          >
            Create
          </Text>
        </View>
      </View>
    </View>
  </View>
</RCTScrollView>
`;
