// Jest Snapshot v1, https://goo.gl/fbAQLP

exports[`Rec routine item renders rec card correctly 1`] = `
<View
  accessible={true}
  collapsable={false}
  focusable={true}
  onClick={[Function]}
  onResponderGrant={[Function]}
  onResponderMove={[Function]}
  onResponderRelease={[Function]}
  onResponderTerminate={[Function]}
  onResponderTerminationRequest={[Function]}
  onStartShouldSetResponder={[Function]}
  style={
    Object {
      "backgroundColor": "#f2f1f0",
      "borderRadius": 15,
      "marginRight": 10,
      "opacity": 1,
      "padding": 5,
    }
  }
  testID="nav"
>
  <View
    accessibilityIgnoresInvertColors={true}
    style={
      Object {
        "height": 110,
        "justifyContent": "flex-end",
        "paddingHorizontal": 10,
        "paddingVertical": 15,
        "width": 196,
      }
    }
  >
    <Image
      source={
        Object {
          "uri": "url",
        }
      }
      style={
        Array [
          Object {
            "bottom": 0,
            "left": 0,
            "position": "absolute",
            "right": 0,
            "top": 0,
          },
          Object {
            "height": 110,
            "width": 196,
          },
          Object {
            "borderRadius": 20,
          },
        ]
      }
    />
  </View>
  <Text
    style={
      Object {
        "color": "black",
        "fontSize": 14,
        "fontWeight": "500",
        "padding": 10,
        "paddingBottom": 5,
        "width": 196,
      }
    }
  >
    name
  </Text>
</View>
`;
