// Jest Snapshot v1, https://goo.gl/fbAQLP

exports[`Custom Chip renders custom chip correctly 1`] = `
<View
  style={
    Array [
      Object {
        "borderRadius": 3,
        "overflow": "hidden",
      },
      Object {
        "borderRadius": 3,
      },
      undefined,
      false,
    ]
  }
>
  <View
    accessibilityRole="button"
    accessibilityState={
      Object {
        "busy": false,
        "disabled": false,
      }
    }
    accessible={true}
    collapsable={false}
    focusable={true}
    onClick={[Function]}
    onResponderGrant={[Function]}
    onResponderMove={[Function]}
    onResponderRelease={[Function]}
    onResponderTerminate={[Function]}
    onResponderTerminationRequest={[Function]}
    onStartShouldSetResponder={[Function]}
    style={
      Object {
        "opacity": 1,
      }
    }
  >
    <View
      style={
        Object {
          "alignItems": "center",
          "backgroundColor": "#e6eaf4",
          "borderColor": "#2089dc",
          "borderRadius": 30,
          "borderWidth": 0,
          "flexDirection": "row",
          "height": 40,
          "justifyContent": "center",
          "marginHorizontal": 5,
          "marginVertical": 10,
          "padding": 8,
        }
      }
    />
  </View>
</View>
`;
